###############################################################################
#
# IAR ELF Linker V9.10.1.308/W64 for ARM                  26/Feb/2021  15:30:41
# Copyright 2007-2021 IAR Systems AB.
#
#    Output file  =
#        E:\Universidade\2020_2\Sistemas Embarcados\Teste
#        Kraken\EK-TM4C1294_IAR8\Projects\lab01\Debug\Exe\lab01.out
#    Map file     =
#        E:\Universidade\2020_2\Sistemas Embarcados\Teste
#        Kraken\EK-TM4C1294_IAR8\Projects\lab01\Debug\List\lab01.map
#    Command line =
#        -f "E:\Universidade\2020_2\Sistemas Embarcados\Teste
#        Kraken\EK-TM4C1294_IAR8\Projects\lab01\Debug\Exe\lab01.out.rsp"
#        ("E:\Universidade\2020_2\Sistemas Embarcados\Teste
#        Kraken\EK-TM4C1294_IAR8\TivaWare_C_Series-2.1.4.178\driverlib\ewarm\Exe\driverlib.a"
#        "E:\Universidade\2020_2\Sistemas Embarcados\Teste
#        Kraken\EK-TM4C1294_IAR8\Projects\lab01\Debug\Obj\lab01.o"
#        "E:\Universidade\2020_2\Sistemas Embarcados\Teste
#        Kraken\EK-TM4C1294_IAR8\Projects\lab01\Debug\Obj\startup_TM4C1294.o"
#        "E:\Universidade\2020_2\Sistemas Embarcados\Teste
#        Kraken\EK-TM4C1294_IAR8\Projects\lab01\Debug\Obj\system_TM4C1294_TW.o"
#        --no_out_extension -o "E:\Universidade\2020_2\Sistemas
#        Embarcados\Teste
#        Kraken\EK-TM4C1294_IAR8\Projects\lab01\Debug\Exe\lab01.out" --map
#        "E:\Universidade\2020_2\Sistemas Embarcados\Teste
#        Kraken\EK-TM4C1294_IAR8\Projects\lab01\Debug\List\lab01.map" --config
#        "C:\Program Files\IAR Systems\Embedded Workbench
#        9.0\arm\config\linker\TexasInstruments\TM4C1294NC.icf" --semihosting
#        --entry __iar_program_start --vfe --text_out locale)
#
###############################################################################

*******************************************************************************
*** RUNTIME MODEL ATTRIBUTES
***

CppFlavor       = *
__SystemLibrary = DLib
__dlib_version  = 6


*******************************************************************************
*** HEAP SELECTION
***

The basic heap was selected because some modules are built with
size limitations (and not runtime checking), and --advanced_heap
was not specified.


*******************************************************************************
*** PLACEMENT SUMMARY
***

"A0":  place at address 0x0 { ro section .intvec };
"P1":  place in [from 0x0 to 0xf'ffff] { ro };
define block CSTACK with size = 32K, alignment = 8 { };
define block HEAP with size = 64K, alignment = 8 { };
"P2":  place in [from 0x2000'0000 to 0x2003'ffff] {
          rw, block CSTACK, block HEAP };

  Section   Kind         Address    Size  Object
  -------   ----         -------    ----  ------
"A0":                              0x3c0
  .intvec   ro code          0x0   0x3c0  startup_TM4C1294.o [1]
                         - 0x3c0   0x3c0

"P1":                              0x768
  .text     ro code        0x3c0   0x2c4  sysctl.o [3]
  .rodata   const          0x684   0x21c  sysctl.o [3]
  .text     ro code        0x8a0   0x150  gpio.o [3]
  .text     ro code        0x9f0    0x60  lab01.o [1]
  .rodata   const          0xa50    0x30  sysctl.o [3]
  .text     ro code        0xa80    0x30  system_TM4C1294_TW.o [1]
  .text     ro code        0xab0    0x1e  cmain.o [4]
  .text     ro code        0xace     0x4  low_level_init.o [2]
  .text     ro code        0xad2     0x4  exit.o [2]
  .text     ro code        0xad6     0x2  startup_TM4C1294.o [1]
  .text     ro code        0xad8     0xa  cexit.o [4]
  .text     ro code        0xae4    0x14  exit.o [5]
  .text     ro code        0xaf8    0x1c  cstartup_M.o [4]
  .text     ro code        0xb14    0x14  startup_TM4C1294.o [1]
                         - 0xb28   0x768

"P2":                             0x8008
  .noinit   uninit   0x2000'0000     0x4  system_TM4C1294_TW.o [1]
  CSTACK             0x2000'0008  0x8000  <Block>
    CSTACK  uninit   0x2000'0008  0x8000  <Block tail>
                   - 0x2000'8008  0x8008

Unused ranges:

         From           To      Size
         ----           --      ----
        0xb28     0xf'ffff  0xf'f4d8
  0x2000'8008  0x2003'ffff  0x3'7ff8



*******************************************************************************
*** MODULE SUMMARY
***

    Module                ro code  ro data  rw data
    ------                -------  -------  -------
command line/config:
    -----------------------------------------------
    Total:

E:\Universidade\2020_2\Sistemas Embarcados\Teste Kraken\EK-TM4C1294_IAR8\Projects\lab01\Debug\Obj: [1]
    lab01.o                    96
    startup_TM4C1294.o        982
    system_TM4C1294_TW.o       48                 4
    -----------------------------------------------
    Total:                  1'126                 4

dl7M_tln.a: [2]
    exit.o                      4
    low_level_init.o            4
    -----------------------------------------------
    Total:                      8

driverlib.a: [3]
    gpio.o                    336
    sysctl.o                  708      588
    -----------------------------------------------
    Total:                  1'044      588

rt7M_tl.a: [4]
    cexit.o                    10
    cmain.o                    30
    cstartup_M.o               28
    -----------------------------------------------
    Total:                     68

shb_l.a: [5]
    exit.o                     20
    -----------------------------------------------
    Total:                     20

    Gaps                        2
    Linker created                           32'768
---------------------------------------------------
    Grand Total:            2'268      588   32'772


*******************************************************************************
*** ENTRY LIST
***

Entry                       Address   Size  Type      Object
-----                       -------   ----  ----      ------
?main                         0xab1         Code  Gb  cmain.o [4]
CSTACK$$Base            0x2000'0008          --   Gb  - Linker created -
CSTACK$$Limit           0x2000'8008          --   Gb  - Linker created -
GPIODirModeSet                0x8a1   0x28  Code  Gb  gpio.o [3]
GPIOPadConfigSet              0x8c9  0x104  Code  Gb  gpio.o [3]
GPIOPinTypeGPIOOutput         0x9d5    0xa  Code  Gb  gpio.o [3]
GPIOPinWrite                  0x9cd    0x8  Code  Gb  gpio.o [3]
Region$$Table$$Base             0x0          --   Gb  - Linker created -
Region$$Table$$Limit            0x0          --   Gb  - Linker created -
SysCtlClockFreqSet            0x42d  0x218  Code  Gb  sysctl.o [3]
SysCtlDelay                   0x425    0x8  Code  Gb  sysctl.o [3]
SysCtlPeripheralEnable        0x405    0x8  Code  Gb  sysctl.o [3]
SysCtlPeripheralReady         0x3e3    0x8  Code  Gb  sysctl.o [3]
SystemCoreClock         0x2000'0000    0x4  Data  Gb  system_TM4C1294_TW.o [1]
SystemInit                    0xa81   0x1c  Code  Gb  system_TM4C1294_TW.o [1]
_SysCtlMemTimingGet           0x3c1   0x22  Code  Lc  sysctl.o [3]
__Vectors                       0x0          --   Gb  startup_TM4C1294.o [1]
__Vectors_End                 0x3c0         Data  Gb  startup_TM4C1294.o [1]
__Vectors_Size {Abs}          0x3c0          --   Gb  startup_TM4C1294.o [1]
__cmain                       0xab1         Code  Gb  cmain.o [4]
__exit                        0xae5   0x14  Code  Gb  exit.o [5]
__iar_init_vfp                0xb1d         Code  Wk  startup_TM4C1294.o [1]
__iar_program_start           0xaf9         Code  Gb  cstartup_M.o [4]
__low_level_init              0xacf    0x4  Code  Gb  low_level_init.o [2]
__vector_table                  0x0         Data  Gb  startup_TM4C1294.o [1]
__vector_table_0x1c            0x1c         Data  Gb  startup_TM4C1294.o [1]
_call_main                    0xabd         Code  Gb  cmain.o [4]
_exit                         0xad9         Code  Gb  cexit.o [4]
exit                          0xad3    0x4  Code  Gb  exit.o [2]
g_pppui32XTALtoVCO            0x684  0x1b0  Data  Lc  sysctl.o [3]
g_pui32VCOFrequencies         0x67c    0x8  Data  Lc  sysctl.o [3]
g_pui32Xtals                  0x834   0x6c  Data  Lc  sysctl.o [3]
g_sXTALtoMEMTIM               0xa50   0x30  Data  Lc  sysctl.o [3]
main                          0x9f1   0x60  Code  Gb  lab01.o [1]


[1] = E:\Universidade\2020_2\Sistemas Embarcados\Teste Kraken\EK-TM4C1294_IAR8\Projects\lab01\Debug\Obj
[2] = dl7M_tln.a
[3] = driverlib.a
[4] = rt7M_tl.a
[5] = shb_l.a

   2'268 bytes of readonly  code memory
     588 bytes of readonly  data memory
  32'772 bytes of readwrite data memory

Errors: none
Warnings: none
